// Jest Snapshot v1, https://goo.gl/fbAQLP

exports[`displays the result 1`] = `undefined`;
